// Jest Snapshot v1, https://goo.gl/fbAQLP

exports[`should be formatted and highlighted 1`] = `
"<code class="hljs lang-html" tabindex="0"><span class="hljs-tag">&lt;<span class="hljs-name">div</span> <span class="hljs-attr">class</span>=<span class="hljs-string">&quot;my-class&quot;</span>&gt;</span>
    <span class="hljs-tag">&lt;<span class="hljs-name">div</span>&gt;</span><span class="hljs-tag">&lt;<span class="hljs-name">p</span>&gt;</span>Lorem ipsum dolor sit amet<span class="hljs-tag">&lt;/<span class="hljs-name">p</span>&gt;</span><span class="hljs-tag">&lt;/<span class="hljs-name">div</span>&gt;</span>
<span class="hljs-tag">&lt;/<span class="hljs-name">div</span>&gt;</span>
</code>"
`;
